2026-02-09 21:55:14,107 [INFO] ============================================================
2026-02-09 21:55:14,107 [INFO] LATTICE QCD PROPAGATOR CALCULATION
2026-02-09 21:55:14,108 [INFO] Using modular backend for enhanced performance
2026-02-09 21:55:14,108 [INFO] ============================================================
2026-02-09 21:55:14,109 [INFO] Run type: spectrum
2026-02-09 21:55:14,109 [INFO] Output directory: results_spectrum_20260209_215514
2026-02-09 21:55:14,109 [INFO] 
2026-02-09 21:55:14,150 [INFO] Auto-detected lattice dimensions: [8, 8, 8, 20]
2026-02-09 21:55:55,057 [INFO] Result: M_pion = 0.784594 ± 0.042597
2026-02-09 21:55:55,059 [INFO] Result: M_sigma = 1.580207 ± 0.081532
2026-02-09 21:55:55,059 [INFO] Result: M_rho_x = 0.424495 ± 0.023365
2026-02-09 21:55:55,060 [INFO] Result: M_rho_y = 0.159813 ± 0.012931
2026-02-09 21:55:55,060 [INFO] Result: M_rho_z = 1.491628 ± 0.105844
2026-02-09 21:55:55,061 [INFO] 
Calculation time: 40.95 seconds
2026-02-09 21:55:55,065 [INFO] Results saved: results_spectrum_20260209_215514/data/results_20260209_215555.txt
2026-02-09 21:55:55,069 [INFO] Saved correlator: results_spectrum_20260209_215514/correlators/pion_correlator_20260209_215555.dat
2026-02-09 21:55:55,072 [INFO] Saved correlator: results_spectrum_20260209_215514/correlators/sigma_correlator_20260209_215555.dat
2026-02-09 21:55:55,078 [INFO] Saved correlator: results_spectrum_20260209_215514/correlators/rho_x_correlator_20260209_215555.dat
2026-02-09 21:55:55,083 [INFO] Saved correlator: results_spectrum_20260209_215514/correlators/rho_y_correlator_20260209_215555.dat
2026-02-09 21:55:55,088 [INFO] Saved correlator: results_spectrum_20260209_215514/correlators/rho_z_correlator_20260209_215555.dat
2026-02-09 21:55:55,088 [INFO] 
============================================================
2026-02-09 21:55:55,089 [INFO] CALCULATION COMPLETE
2026-02-09 21:55:55,089 [INFO] ============================================================
2026-02-09 21:55:55,089 [INFO] Results saved in: results_spectrum_20260209_215514
2026-02-09 21:55:55,090 [INFO] ============================================================
