2026-02-09 21:57:26,526 [INFO] ============================================================
2026-02-09 21:57:26,526 [INFO] LATTICE QCD PROPAGATOR CALCULATION
2026-02-09 21:57:26,527 [INFO] Using modular backend for enhanced performance
2026-02-09 21:57:26,527 [INFO] ============================================================
2026-02-09 21:57:26,527 [INFO] Run type: spectrum
2026-02-09 21:57:26,527 [INFO] Output directory: results_spectrum_20260209_215726
2026-02-09 21:57:26,528 [INFO] 
2026-02-09 21:57:26,557 [INFO] Auto-detected lattice dimensions: [8, 8, 8, 20]
2026-02-09 21:58:07,856 [INFO] Result: M_pion = 0.531093 ± 0.038755
2026-02-09 21:58:07,864 [INFO] Result: M_sigma = 0.398315 ± 0.035418
2026-02-09 21:58:07,865 [INFO] Result: M_rho_x = 0.964342 ± 0.045911
2026-02-09 21:58:07,865 [INFO] Result: M_rho_y = 1.308883 ± 0.069951
2026-02-09 21:58:07,865 [INFO] Result: M_rho_z = 1.675491 ± 0.120778
2026-02-09 21:58:07,866 [INFO] 
Calculation time: 41.34 seconds
2026-02-09 21:58:07,870 [INFO] Results saved: results_spectrum_20260209_215726/data/results_20260209_215807.txt
2026-02-09 21:58:07,873 [INFO] Saved correlator: results_spectrum_20260209_215726/correlators/pion_correlator_20260209_215807.dat
2026-02-09 21:58:07,876 [INFO] Saved correlator: results_spectrum_20260209_215726/correlators/sigma_correlator_20260209_215807.dat
2026-02-09 21:58:07,881 [INFO] Saved correlator: results_spectrum_20260209_215726/correlators/rho_x_correlator_20260209_215807.dat
2026-02-09 21:58:07,889 [INFO] Saved correlator: results_spectrum_20260209_215726/correlators/rho_y_correlator_20260209_215807.dat
2026-02-09 21:58:07,894 [INFO] Saved correlator: results_spectrum_20260209_215726/correlators/rho_z_correlator_20260209_215807.dat
2026-02-09 21:58:07,895 [INFO] 
============================================================
2026-02-09 21:58:07,895 [INFO] CALCULATION COMPLETE
2026-02-09 21:58:07,896 [INFO] ============================================================
2026-02-09 21:58:07,896 [INFO] Results saved in: results_spectrum_20260209_215726
2026-02-09 21:58:07,896 [INFO] ============================================================
