2026-02-09 21:47:07,220 [INFO] ============================================================
2026-02-09 21:47:07,220 [INFO] LATTICE QCD PROPAGATOR CALCULATION
2026-02-09 21:47:07,221 [INFO] Using modular backend for enhanced performance
2026-02-09 21:47:07,221 [INFO] ============================================================
2026-02-09 21:47:07,221 [INFO] Run type: spectrum
2026-02-09 21:47:07,221 [INFO] Output directory: results_spectrum_20260209_214707
2026-02-09 21:47:07,222 [INFO] 
2026-02-09 21:47:07,252 [INFO] Auto-detected lattice dimensions: [8, 8, 8, 20]
2026-02-09 21:47:45,453 [INFO] Result: M_pion = 0.700961 ± 0.070096
2026-02-09 21:47:45,462 [INFO] Result: M_sigma = 0.398600 ± 0.027014
2026-02-09 21:47:45,462 [INFO] Result: M_rho_x = 1.074075 ± 0.057966
2026-02-09 21:47:45,463 [INFO] Result: M_rho_y = 0.189348 ± 0.018935
2026-02-09 21:47:45,463 [INFO] Result: M_rho_z = 0.295080 ± 0.020947
2026-02-09 21:47:45,463 [INFO] 
Calculation time: 38.24 seconds
2026-02-09 21:47:45,467 [INFO] Results saved: results_spectrum_20260209_214707/data/results_20260209_214745.txt
2026-02-09 21:47:45,471 [INFO] Saved correlator: results_spectrum_20260209_214707/correlators/pion_correlator_20260209_214745.dat
2026-02-09 21:47:45,475 [INFO] Saved correlator: results_spectrum_20260209_214707/correlators/sigma_correlator_20260209_214745.dat
2026-02-09 21:47:45,479 [INFO] Saved correlator: results_spectrum_20260209_214707/correlators/rho_x_correlator_20260209_214745.dat
2026-02-09 21:47:45,483 [INFO] Saved correlator: results_spectrum_20260209_214707/correlators/rho_y_correlator_20260209_214745.dat
2026-02-09 21:47:45,490 [INFO] Saved correlator: results_spectrum_20260209_214707/correlators/rho_z_correlator_20260209_214745.dat
2026-02-09 21:47:45,491 [INFO] 
============================================================
2026-02-09 21:47:45,491 [INFO] CALCULATION COMPLETE
2026-02-09 21:47:45,492 [INFO] ============================================================
2026-02-09 21:47:45,492 [INFO] Results saved in: results_spectrum_20260209_214707
2026-02-09 21:47:45,492 [INFO] ============================================================
