2026-02-09 21:49:16,897 [INFO] ============================================================
2026-02-09 21:49:16,898 [INFO] LATTICE QCD PROPAGATOR CALCULATION
2026-02-09 21:49:16,899 [INFO] Using modular backend for enhanced performance
2026-02-09 21:49:16,900 [INFO] ============================================================
2026-02-09 21:49:16,901 [INFO] Run type: spectrum
2026-02-09 21:49:16,901 [INFO] Output directory: results_spectrum_20260209_214916
2026-02-09 21:49:16,902 [INFO] 
2026-02-09 21:49:16,947 [INFO] Auto-detected lattice dimensions: [8, 8, 8, 20]
2026-02-09 21:49:56,234 [INFO] Result: M_pion = 0.845300 ± 0.035974
2026-02-09 21:49:56,244 [INFO] Result: M_sigma = 0.209028 ± 0.017246
2026-02-09 21:49:56,244 [INFO] Result: M_rho_x = 0.661399 ± 0.034953
2026-02-09 21:49:56,245 [INFO] Result: M_rho_y = 0.500000 ± 0.100000
2026-02-09 21:49:56,245 [INFO] Result: M_rho_z = 0.399775 ± 0.024936
2026-02-09 21:49:56,245 [INFO] 
Calculation time: 39.34 seconds
2026-02-09 21:49:56,249 [INFO] Results saved: results_spectrum_20260209_214916/data/results_20260209_214956.txt
2026-02-09 21:49:56,253 [INFO] Saved correlator: results_spectrum_20260209_214916/correlators/pion_correlator_20260209_214956.dat
2026-02-09 21:49:56,257 [INFO] Saved correlator: results_spectrum_20260209_214916/correlators/sigma_correlator_20260209_214956.dat
2026-02-09 21:49:56,262 [INFO] Saved correlator: results_spectrum_20260209_214916/correlators/rho_x_correlator_20260209_214956.dat
2026-02-09 21:49:56,268 [INFO] Saved correlator: results_spectrum_20260209_214916/correlators/rho_y_correlator_20260209_214956.dat
2026-02-09 21:49:56,277 [INFO] Saved correlator: results_spectrum_20260209_214916/correlators/rho_z_correlator_20260209_214956.dat
2026-02-09 21:49:56,277 [INFO] 
============================================================
2026-02-09 21:49:56,278 [INFO] CALCULATION COMPLETE
2026-02-09 21:49:56,278 [INFO] ============================================================
2026-02-09 21:49:56,278 [INFO] Results saved in: results_spectrum_20260209_214916
2026-02-09 21:49:56,279 [INFO] ============================================================
