2026-02-09 21:59:40,159 [INFO] ============================================================
2026-02-09 21:59:40,160 [INFO] LATTICE QCD PROPAGATOR CALCULATION
2026-02-09 21:59:40,160 [INFO] Using modular backend for enhanced performance
2026-02-09 21:59:40,161 [INFO] ============================================================
2026-02-09 21:59:40,161 [INFO] Run type: spectrum
2026-02-09 21:59:40,161 [INFO] Output directory: results_spectrum_20260209_215940
2026-02-09 21:59:40,162 [INFO] 
2026-02-09 21:59:40,187 [INFO] Auto-detected lattice dimensions: [8, 8, 8, 20]
2026-02-09 22:00:18,950 [INFO] Result: M_pion = 1.267632 ± 0.092085
2026-02-09 22:00:18,958 [INFO] Result: M_sigma = 3.491818 ± 0.349182
2026-02-09 22:00:18,959 [INFO] Result: M_rho_x = 0.667026 ± 0.050058
2026-02-09 22:00:18,959 [INFO] Result: M_rho_y = 0.461734 ± 0.034281
2026-02-09 22:00:18,959 [INFO] Result: M_rho_z = 0.927113 ± 0.064270
2026-02-09 22:00:18,960 [INFO] 
Calculation time: 38.80 seconds
2026-02-09 22:00:18,963 [INFO] Results saved: results_spectrum_20260209_215940/data/results_20260209_220018.txt
2026-02-09 22:00:18,970 [INFO] Saved correlator: results_spectrum_20260209_215940/correlators/pion_correlator_20260209_220018.dat
2026-02-09 22:00:18,982 [INFO] Saved correlator: results_spectrum_20260209_215940/correlators/sigma_correlator_20260209_220018.dat
2026-02-09 22:00:18,988 [INFO] Saved correlator: results_spectrum_20260209_215940/correlators/rho_x_correlator_20260209_220018.dat
2026-02-09 22:00:18,992 [INFO] Saved correlator: results_spectrum_20260209_215940/correlators/rho_y_correlator_20260209_220018.dat
2026-02-09 22:00:18,997 [INFO] Saved correlator: results_spectrum_20260209_215940/correlators/rho_z_correlator_20260209_220018.dat
2026-02-09 22:00:18,997 [INFO] 
============================================================
2026-02-09 22:00:18,998 [INFO] CALCULATION COMPLETE
2026-02-09 22:00:18,998 [INFO] ============================================================
2026-02-09 22:00:18,999 [INFO] Results saved in: results_spectrum_20260209_215940
2026-02-09 22:00:18,999 [INFO] ============================================================
