2026-02-09 21:50:36,602 [INFO] ============================================================
2026-02-09 21:50:36,603 [INFO] LATTICE QCD PROPAGATOR CALCULATION
2026-02-09 21:50:36,603 [INFO] Using modular backend for enhanced performance
2026-02-09 21:50:36,603 [INFO] ============================================================
2026-02-09 21:50:36,604 [INFO] Run type: spectrum
2026-02-09 21:50:36,604 [INFO] Output directory: results_spectrum_20260209_215036
2026-02-09 21:50:36,604 [INFO] 
2026-02-09 21:50:36,635 [INFO] Auto-detected lattice dimensions: [8, 8, 8, 20]
2026-02-09 21:51:14,490 [INFO] Result: M_pion = 0.040430 ± 0.003384
2026-02-09 21:51:14,512 [INFO] Result: M_sigma = 2.086187 ± 0.120460
2026-02-09 21:51:14,512 [INFO] Result: M_rho_x = 0.030226 ± 0.002270
2026-02-09 21:51:14,514 [INFO] Result: M_rho_y = 0.678568 ± 0.067857
2026-02-09 21:51:14,514 [INFO] Result: M_rho_z = 1.257910 ± 0.078874
2026-02-09 21:51:14,515 [INFO] 
Calculation time: 37.91 seconds
2026-02-09 21:51:14,519 [INFO] Results saved: results_spectrum_20260209_215036/data/results_20260209_215114.txt
2026-02-09 21:51:14,525 [INFO] Saved correlator: results_spectrum_20260209_215036/correlators/pion_correlator_20260209_215114.dat
2026-02-09 21:51:14,529 [INFO] Saved correlator: results_spectrum_20260209_215036/correlators/sigma_correlator_20260209_215114.dat
2026-02-09 21:51:14,533 [INFO] Saved correlator: results_spectrum_20260209_215036/correlators/rho_x_correlator_20260209_215114.dat
2026-02-09 21:51:14,540 [INFO] Saved correlator: results_spectrum_20260209_215036/correlators/rho_y_correlator_20260209_215114.dat
2026-02-09 21:51:14,545 [INFO] Saved correlator: results_spectrum_20260209_215036/correlators/rho_z_correlator_20260209_215114.dat
2026-02-09 21:51:14,546 [INFO] 
============================================================
2026-02-09 21:51:14,546 [INFO] CALCULATION COMPLETE
2026-02-09 21:51:14,546 [INFO] ============================================================
2026-02-09 21:51:14,547 [INFO] Results saved in: results_spectrum_20260209_215036
2026-02-09 21:51:14,547 [INFO] ============================================================
