2026-02-09 21:49:56,703 [INFO] ============================================================
2026-02-09 21:49:56,703 [INFO] LATTICE QCD PROPAGATOR CALCULATION
2026-02-09 21:49:56,703 [INFO] Using modular backend for enhanced performance
2026-02-09 21:49:56,704 [INFO] ============================================================
2026-02-09 21:49:56,704 [INFO] Run type: spectrum
2026-02-09 21:49:56,704 [INFO] Output directory: results_spectrum_20260209_214956
2026-02-09 21:49:56,704 [INFO] 
2026-02-09 21:49:56,728 [INFO] Auto-detected lattice dimensions: [8, 8, 8, 20]
2026-02-09 21:50:36,065 [INFO] Result: M_pion = 0.199275 ± 0.015820
2026-02-09 21:50:36,074 [INFO] Result: M_sigma = 0.000653 ± 0.000065
2026-02-09 21:50:36,074 [INFO] Result: M_rho_x = 0.358675 ± 0.020540
2026-02-09 21:50:36,075 [INFO] Result: M_rho_y = 0.500000 ± 0.100000
2026-02-09 21:50:36,075 [INFO] Result: M_rho_z = 0.232618 ± 0.015724
2026-02-09 21:50:36,076 [INFO] 
Calculation time: 39.37 seconds
2026-02-09 21:50:36,081 [INFO] Results saved: results_spectrum_20260209_214956/data/results_20260209_215036.txt
2026-02-09 21:50:36,085 [INFO] Saved correlator: results_spectrum_20260209_214956/correlators/pion_correlator_20260209_215036.dat
2026-02-09 21:50:36,108 [INFO] Saved correlator: results_spectrum_20260209_214956/correlators/sigma_correlator_20260209_215036.dat
2026-02-09 21:50:36,114 [INFO] Saved correlator: results_spectrum_20260209_214956/correlators/rho_x_correlator_20260209_215036.dat
2026-02-09 21:50:36,119 [INFO] Saved correlator: results_spectrum_20260209_214956/correlators/rho_y_correlator_20260209_215036.dat
2026-02-09 21:50:36,133 [INFO] Saved correlator: results_spectrum_20260209_214956/correlators/rho_z_correlator_20260209_215036.dat
2026-02-09 21:50:36,135 [INFO] 
============================================================
2026-02-09 21:50:36,137 [INFO] CALCULATION COMPLETE
2026-02-09 21:50:36,138 [INFO] ============================================================
2026-02-09 21:50:36,138 [INFO] Results saved in: results_spectrum_20260209_214956
2026-02-09 21:50:36,139 [INFO] ============================================================
