2026-02-09 22:01:39,468 [INFO] ============================================================
2026-02-09 22:01:39,468 [INFO] LATTICE QCD PROPAGATOR CALCULATION
2026-02-09 22:01:39,469 [INFO] Using modular backend for enhanced performance
2026-02-09 22:01:39,469 [INFO] ============================================================
2026-02-09 22:01:39,469 [INFO] Run type: spectrum
2026-02-09 22:01:39,470 [INFO] Output directory: results_spectrum_20260209_220139
2026-02-09 22:01:39,470 [INFO] 
2026-02-09 22:01:39,502 [INFO] Auto-detected lattice dimensions: [8, 8, 8, 20]
2026-02-09 22:02:22,432 [INFO] Result: M_pion = 1.488691 ± 0.148869
2026-02-09 22:02:22,443 [INFO] Result: M_sigma = 4.442883 ± 0.444288
2026-02-09 22:02:22,443 [INFO] Result: M_rho_x = 1.219391 ± 0.063888
2026-02-09 22:02:22,444 [INFO] Result: M_rho_y = 0.027523 ± 0.002416
2026-02-09 22:02:22,444 [INFO] Result: M_rho_z = 0.065067 ± 0.006031
2026-02-09 22:02:22,444 [INFO] 
Calculation time: 42.97 seconds
2026-02-09 22:02:22,448 [INFO] Results saved: results_spectrum_20260209_220139/data/results_20260209_220222.txt
2026-02-09 22:02:22,451 [INFO] Saved correlator: results_spectrum_20260209_220139/correlators/pion_correlator_20260209_220222.dat
2026-02-09 22:02:22,455 [INFO] Saved correlator: results_spectrum_20260209_220139/correlators/sigma_correlator_20260209_220222.dat
2026-02-09 22:02:22,462 [INFO] Saved correlator: results_spectrum_20260209_220139/correlators/rho_x_correlator_20260209_220222.dat
2026-02-09 22:02:22,467 [INFO] Saved correlator: results_spectrum_20260209_220139/correlators/rho_y_correlator_20260209_220222.dat
2026-02-09 22:02:22,471 [INFO] Saved correlator: results_spectrum_20260209_220139/correlators/rho_z_correlator_20260209_220222.dat
2026-02-09 22:02:22,472 [INFO] 
============================================================
2026-02-09 22:02:22,472 [INFO] CALCULATION COMPLETE
2026-02-09 22:02:22,473 [INFO] ============================================================
2026-02-09 22:02:22,473 [INFO] Results saved in: results_spectrum_20260209_220139
2026-02-09 22:02:22,474 [INFO] ============================================================
