2026-02-09 21:53:15,160 [INFO] ============================================================
2026-02-09 21:53:15,161 [INFO] LATTICE QCD PROPAGATOR CALCULATION
2026-02-09 21:53:15,161 [INFO] Using modular backend for enhanced performance
2026-02-09 21:53:15,161 [INFO] ============================================================
2026-02-09 21:53:15,161 [INFO] Run type: spectrum
2026-02-09 21:53:15,162 [INFO] Output directory: results_spectrum_20260209_215315
2026-02-09 21:53:15,162 [INFO] 
2026-02-09 21:53:15,193 [INFO] Auto-detected lattice dimensions: [8, 8, 8, 20]
2026-02-09 21:53:50,539 [INFO] Result: M_pion = 1.074448 ± 0.065554
2026-02-09 21:53:50,547 [INFO] Result: M_sigma = 0.289688 ± 0.021842
2026-02-09 21:53:50,547 [INFO] Result: M_rho_x = 0.335728 ± 0.026745
2026-02-09 21:53:50,548 [INFO] Result: M_rho_y = 0.243548 ± 0.019762
2026-02-09 21:53:50,548 [INFO] Result: M_rho_z = 1.747283 ± 0.174728
2026-02-09 21:53:50,548 [INFO] 
Calculation time: 35.39 seconds
2026-02-09 21:53:50,552 [INFO] Results saved: results_spectrum_20260209_215315/data/results_20260209_215350.txt
2026-02-09 21:53:50,556 [INFO] Saved correlator: results_spectrum_20260209_215315/correlators/pion_correlator_20260209_215350.dat
2026-02-09 21:53:50,563 [INFO] Saved correlator: results_spectrum_20260209_215315/correlators/sigma_correlator_20260209_215350.dat
2026-02-09 21:53:50,571 [INFO] Saved correlator: results_spectrum_20260209_215315/correlators/rho_x_correlator_20260209_215350.dat
2026-02-09 21:53:50,575 [INFO] Saved correlator: results_spectrum_20260209_215315/correlators/rho_y_correlator_20260209_215350.dat
2026-02-09 21:53:50,580 [INFO] Saved correlator: results_spectrum_20260209_215315/correlators/rho_z_correlator_20260209_215350.dat
2026-02-09 21:53:50,581 [INFO] 
============================================================
2026-02-09 21:53:50,581 [INFO] CALCULATION COMPLETE
2026-02-09 21:53:50,582 [INFO] ============================================================
2026-02-09 21:53:50,582 [INFO] Results saved in: results_spectrum_20260209_215315
2026-02-09 21:53:50,582 [INFO] ============================================================
