2026-02-09 21:45:48,766 [INFO] ============================================================
2026-02-09 21:45:48,766 [INFO] LATTICE QCD PROPAGATOR CALCULATION
2026-02-09 21:45:48,767 [INFO] Using modular backend for enhanced performance
2026-02-09 21:45:48,767 [INFO] ============================================================
2026-02-09 21:45:48,767 [INFO] Run type: spectrum
2026-02-09 21:45:48,768 [INFO] Output directory: results_spectrum_20260209_214548
2026-02-09 21:45:48,768 [INFO] 
2026-02-09 21:45:48,818 [INFO] Auto-detected lattice dimensions: [8, 8, 8, 20]
2026-02-09 21:46:23,410 [INFO] Result: M_pion = 0.288887 ± 0.015125
2026-02-09 21:46:23,420 [INFO] Result: M_sigma = 0.304623 ± 0.024829
2026-02-09 21:46:23,421 [INFO] Result: M_rho_x = 0.949218 ± 0.045085
2026-02-09 21:46:23,421 [INFO] Result: M_rho_y = 0.260429 ± 0.026043
2026-02-09 21:46:23,421 [INFO] Result: M_rho_z = 0.885581 ± 0.052174
2026-02-09 21:46:23,422 [INFO] 
Calculation time: 34.65 seconds
2026-02-09 21:46:23,424 [INFO] Results saved: results_spectrum_20260209_214548/data/results_20260209_214623.txt
2026-02-09 21:46:23,428 [INFO] Saved correlator: results_spectrum_20260209_214548/correlators/pion_correlator_20260209_214623.dat
2026-02-09 21:46:23,433 [INFO] Saved correlator: results_spectrum_20260209_214548/correlators/sigma_correlator_20260209_214623.dat
2026-02-09 21:46:23,438 [INFO] Saved correlator: results_spectrum_20260209_214548/correlators/rho_x_correlator_20260209_214623.dat
2026-02-09 21:46:23,441 [INFO] Saved correlator: results_spectrum_20260209_214548/correlators/rho_y_correlator_20260209_214623.dat
2026-02-09 21:46:23,445 [INFO] Saved correlator: results_spectrum_20260209_214548/correlators/rho_z_correlator_20260209_214623.dat
2026-02-09 21:46:23,445 [INFO] 
============================================================
2026-02-09 21:46:23,445 [INFO] CALCULATION COMPLETE
2026-02-09 21:46:23,446 [INFO] ============================================================
2026-02-09 21:46:23,446 [INFO] Results saved in: results_spectrum_20260209_214548
2026-02-09 21:46:23,449 [INFO] ============================================================
