2026-02-09 21:51:52,819 [INFO] ============================================================
2026-02-09 21:51:52,819 [INFO] LATTICE QCD PROPAGATOR CALCULATION
2026-02-09 21:51:52,820 [INFO] Using modular backend for enhanced performance
2026-02-09 21:51:52,820 [INFO] ============================================================
2026-02-09 21:51:52,820 [INFO] Run type: spectrum
2026-02-09 21:51:52,820 [INFO] Output directory: results_spectrum_20260209_215152
2026-02-09 21:51:52,821 [INFO] 
2026-02-09 21:51:52,843 [INFO] Auto-detected lattice dimensions: [8, 8, 8, 20]
2026-02-09 21:52:31,689 [INFO] Result: M_pion = 0.248874 ± 0.016708
2026-02-09 21:52:31,699 [INFO] Result: M_sigma = 0.069735 ± 0.006863
2026-02-09 21:52:31,699 [INFO] Result: M_rho_x = 0.375401 ± 0.022601
2026-02-09 21:52:31,701 [INFO] Result: M_rho_y = 1.983952 ± 0.198395
2026-02-09 21:52:31,701 [INFO] Result: M_rho_z = 0.154312 ± 0.009752
2026-02-09 21:52:31,702 [INFO] 
Calculation time: 38.88 seconds
2026-02-09 21:52:31,708 [INFO] Results saved: results_spectrum_20260209_215152/data/results_20260209_215231.txt
2026-02-09 21:52:31,724 [INFO] Saved correlator: results_spectrum_20260209_215152/correlators/pion_correlator_20260209_215231.dat
2026-02-09 21:52:31,728 [INFO] Saved correlator: results_spectrum_20260209_215152/correlators/sigma_correlator_20260209_215231.dat
2026-02-09 21:52:31,733 [INFO] Saved correlator: results_spectrum_20260209_215152/correlators/rho_x_correlator_20260209_215231.dat
2026-02-09 21:52:31,736 [INFO] Saved correlator: results_spectrum_20260209_215152/correlators/rho_y_correlator_20260209_215231.dat
2026-02-09 21:52:31,746 [INFO] Saved correlator: results_spectrum_20260209_215152/correlators/rho_z_correlator_20260209_215231.dat
2026-02-09 21:52:31,746 [INFO] 
============================================================
2026-02-09 21:52:31,747 [INFO] CALCULATION COMPLETE
2026-02-09 21:52:31,747 [INFO] ============================================================
2026-02-09 21:52:31,747 [INFO] Results saved in: results_spectrum_20260209_215152
2026-02-09 21:52:31,748 [INFO] ============================================================
