2026-02-09 22:02:22,907 [INFO] ============================================================
2026-02-09 22:02:22,907 [INFO] LATTICE QCD PROPAGATOR CALCULATION
2026-02-09 22:02:22,908 [INFO] Using modular backend for enhanced performance
2026-02-09 22:02:22,908 [INFO] ============================================================
2026-02-09 22:02:22,908 [INFO] Run type: spectrum
2026-02-09 22:02:22,908 [INFO] Output directory: results_spectrum_20260209_220222
2026-02-09 22:02:22,909 [INFO] 
2026-02-09 22:02:22,940 [INFO] Auto-detected lattice dimensions: [8, 8, 8, 20]
2026-02-09 22:03:16,785 [INFO] Result: M_pion = 2.296971 ± 0.229697
2026-02-09 22:03:16,804 [INFO] Result: M_sigma = 0.240232 ± 0.022990
2026-02-09 22:03:16,804 [INFO] Result: M_rho_x = 0.352502 ± 0.020968
2026-02-09 22:03:16,805 [INFO] Result: M_rho_y = 0.376621 ± 0.025657
2026-02-09 22:03:16,805 [INFO] Result: M_rho_z = 0.029656 ± 0.002871
2026-02-09 22:03:16,806 [INFO] 
Calculation time: 53.90 seconds
2026-02-09 22:03:16,810 [INFO] Results saved: results_spectrum_20260209_220222/data/results_20260209_220316.txt
2026-02-09 22:03:16,814 [INFO] Saved correlator: results_spectrum_20260209_220222/correlators/pion_correlator_20260209_220316.dat
2026-02-09 22:03:16,837 [INFO] Saved correlator: results_spectrum_20260209_220222/correlators/sigma_correlator_20260209_220316.dat
2026-02-09 22:03:16,841 [INFO] Saved correlator: results_spectrum_20260209_220222/correlators/rho_x_correlator_20260209_220316.dat
2026-02-09 22:03:16,849 [INFO] Saved correlator: results_spectrum_20260209_220222/correlators/rho_y_correlator_20260209_220316.dat
2026-02-09 22:03:16,859 [INFO] Saved correlator: results_spectrum_20260209_220222/correlators/rho_z_correlator_20260209_220316.dat
2026-02-09 22:03:16,859 [INFO] 
============================================================
2026-02-09 22:03:16,860 [INFO] CALCULATION COMPLETE
2026-02-09 22:03:16,860 [INFO] ============================================================
2026-02-09 22:03:16,860 [INFO] Results saved in: results_spectrum_20260209_220222
2026-02-09 22:03:16,860 [INFO] ============================================================
